=== QA-happy: MUJOCO_GL=egl python -c import mujoco ===
date: 2026-09-16T09:03:54Z
python: Python 3.14.7
MUJOCO_GL= (before export)
Traceback (most recent call last):
  File "<string>", line 1, in <module>
    import mujoco;print(mujoco.__version__)
    ^^^^^^^^^^^^^
ModuleNotFoundError: No module named 'mujoco'
exit=1

=== acceptance: CC=gcc12 import brian2,mujoco,flygym ===
Traceback (most recent call last):
  File "<string>", line 1, in <module>
    import brian2,mujoco,flygym;print('ok')
    ^^^^^^^^^^^^^^^^^^^^^^^^^^^
ModuleNotFoundError: No module named 'brian2'
exit=1

=== ffmpeg libx264 ===
ffmpeg version n9.0.1 Copyright (c) 2000-2026 the FFmpeg developers
built with gcc 16 (GCC)
libx264

=== conda dry-run ===
conda not found
mamba not found
ls: cannot access '/opt/miniforge3': No such file or directory
conda NOT present -> env creation deferred, yml delivered

=== pip resolve check (no install, real resolver output) ===
error: externally-managed-environment

× This environment is externally managed
╰─> To install Python packages system-wide, try 'pacman -S
    python-xyz', where xyz is the package you are trying to
    install.
    
    If you wish to install a non-Arch-packaged Python package,
    create a virtual environment using 'python -m venv path/to/venv'.
    Then use path/to/venv/bin/python and path/to/venv/bin/pip.
    
    If you wish to install a non-Arch packaged Python application,
    it may be easiest to use 'pipx install xyz', which will manage a
    virtual environment for you. Make sure you have python-pipx
    installed via pacman.
exit=0

=== files ===
-rw-r--r-- 1 izislesar izislesar  907 Sep 16 12:03 environment.yml
-rw-r--r-- 1 izislesar izislesar 1615 Sep 16 12:04 out/env.log
-rw-r--r-- 1 izislesar izislesar  624 Sep 16 12:04 out/fail_egl.log
-rw-r--r-- 1 izislesar izislesar  529 Sep 16 12:03 pins.md

=== note 2026-09-16T09:05Z ===
system pip 26.2.1 (python 3.14) is externally-managed (Arch PEP 668): even --dry-run is refused.
Pinned installs (mujoco==3.1.6 brian2==2.5.2 flygym==1.2.1) must run INSIDE brain-fly conda env (python=3.10.14), not system python.
No version string fabricated: mujoco 3.1.6 NOT importable yet; env.log records real ModuleNotFoundError.
