QA-fail NOT TRIGGERED — Task 15 PASS (2026-09-16)

Result: PASS. out/trophy_hunt.mp4 created, acceptance criteria met.
This file exists as evidence log per task spec (ffmpeg stderr + ffprobe dump).

--- acceptance query ---
ffprobe -v error -select_streams v:0 -show_entries stream=width,height,r_frame_rate,codec_name -of default=nw=1 out/trophy_hunt.mp4
codec_name=h264
width=1280
height=480
r_frame_rate=30/1

--- duration (informational) ---
duration=3.000000

--- size ---
47555 bytes (limit 52428800) — PASS
-rw-r--r-- 1 izislesar izislesar 47K Sep 16 16:32 out/trophy_hunt.mp4

--- pre-check inputs ---
out/frames/f*.png: 90 files (f00000.png..f00089.png), 640x480
out/spikes/sp*.png: 90 files (sp00000.png..sp00089.png), 640x480

--- exact scope command (exit 0) ---
ffmpeg -y -framerate 30 -i out/frames/f%05d.png -framerate 30 -i out/spikes/sp%05d.png -filter_complex hstack -c:v libx264 -crf 23 -pix_fmt yuv420p out/trophy_hunt.mp4

--- full ffmpeg stderr ---
ffmpeg version n9.0.1 Copyright (c) 2000-2026 the FFmpeg developers
  built with gcc 16 (GCC)
  configuration: --prefix=/usr --disable-debug --disable-static --disable-stripping --enable-amf --enable-avisynth --enable-cuda-llvm --enable-lto --enable-fontconfig --enable-frei0r --enable-gmp --enable-gnutls --enable-gpl --enable-ladspa --enable-lcms2 --enable-libaom --enable-libass --enable-libbluray --enable-libbs2b --enable-libdav1d --enable-libdrm --enable-libdvdnav --enable-libdvdread --enable-libfreetype --enable-libfribidi --enable-libgsm --enable-libharfbuzz --enable-libiec61883 --enable-libjack --enable-libjxl --enable-libmodplug --enable-libmp3lame --enable-libopencore_amrnb --enable-libopencore_amrwb --enable-libopenjpeg --enable-libopenmpt --enable-libopus --enable-libplacebo --enable-libpulse --enable-librav1e --enable-librsvg --enable-librubberband --enable-libsnappy --enable-libsoxr --enable-libspeex --enable-libsrt --enable-libssh --enable-libsvtav1 --enable-libtheora --enable-libv4l2 --enable-libvidstab --enable-libvmaf --enable-libvorbis --enable-libvpl --enable-libvpx --enable-libwebp --enable-libx264 --enable-libx265 --enable-libxcb --enable-libxml2 --enable-libxvid --enable-libzimg --enable-libzmq --enable-nvdec --enable-nvenc --enable-opencl --enable-opengl --enable-shared --enable-vapoursynth --enable-version3 --enable-vulkan --disable-decoder=magicyuv
  libavutil      61.  1.101 / 61.  1.101
  libavcodec     63.  1.101 / 63.  1.101
  libavformat    63.  1.101 / 63.  1.101
  libavdevice    63.  1.101 / 63.  1.101
  libavfilter    12.  1.101 / 12.  1.101
  libswscale     10.  1.101 / 10.  1.101
  libswresample   7.  1.101 /  7.  1.101
Input #0, image2, from 'out/frames/f%05d.png':
  Duration: 00:00:03.00, start: 0.000000, bitrate: N/A
  Stream #0:0: Video: png, rgb24(pc, gbr/unknown/unknown), 640x480, 30 fps, 30 tbr, 30 tbn
Input #1, image2, from 'out/spikes/sp%05d.png':
  Duration: 00:00:03.00, start: 0.000000, bitrate: N/A
  Stream #1:0: Video: png, rgb24(pc, gbr/unknown/unknown), 640x480, 30 fps, 30 tbr, 30 tbn
Stream mapping:
  Stream #0:0 (png) -> hstack
  Stream #1:0 (png) -> hstack
  hstack:default -> Stream #0:0 (libx264)
Press [q] to stop, [?] for help
[libx264 @ 0x55c30d7132c0] using cpu capabilities: MMX2 SSE2Fast SSSE3 SSE4.2 AVX FMA3 BMI2 AVX2
[libx264 @ 0x55c30d7132c0] profile High, level 3.1, 4:2:0, 8-bit
[libx264 @ 0x55c30d7132c0] 264 - core 165 r3222 b35605a - H.264/MPEG-4 AVC codec - Copyleft 2003-2025 - http://www.videolan.org/x264.html - options: cabac=1 ref=3 deblock=1:0:0 analyse=0x3:0x113 me=hex subme=7 psy=1 psy_rd=1.00:0.00 mixed_ref=1 me_range=16 chroma_me=1 trellis=1 8x8dct=1 cqm=0 deadzone=21,11 fast_pskip=1 chroma_qp_offset=-2 threads=15 lookahead_threads=2 sliced_threads=0 nr=0 decimate=1 interlaced=0 bluray_compat=0 constrained_intra=0 bframes=3 b_pyramid=2 b_adapt=1 b_bias=0 direct=1 weightb=1 open_gop=0 weightp=2 keyint=250 keyint_min=25 scenecut=40 intra_refresh=0 rc_lookahead=40 rc=crf mbtree=1 crf=23.0 qcomp=0.60 qpmin=0 qpmax=69 qpstep=4 ip_ratio=1.40 aq=1:1.00
Output #0, mp4, to 'out/trophy_hunt.mp4':
  Metadata:
    encoder         : Lavf63.1.101
  Stream #0:0: Video: h264 (avc1 / 0x31637661), yuv420p(tv, progressive), 1280x480, q=2-31, 30 fps, 15360 tbn
    Metadata:
      encoder         : Lavc63.1.101 libx264
    Side data:
      CPB properties: bitrate max/min/avg: 0/0/0 buffer size: 0 vbv_delay: N/A
frame=    2 fps=0.0 q=29.0 size=       0KiB time=00:00:00.00 bitrate=N/A speed=   0x elapsed=0:00:00.50
[out#0/mp4 @ 0x55c30d725d80] video:45KiB audio:0KiB subtitle:0KiB other streams:0KiB global headers:0KiB muxing overhead: 2.734991%
frame=   90 fps=0.0 q=-1.0 Lsize=      46KiB time=00:00:02.93 bitrate= 129.7kbits/s speed=3.47x elapsed=0:00:00.84
[libx264 @ 0x55c30d7132c0] frame I:1     Avg QP:19.27  size:  3134
[libx264 @ 0x55c30d7132c0] frame P:87    Avg QP:24.94  size:   476
[libx264 @ 0x55c30d7132c0] frame B:2     Avg QP:30.37  size:   516
[libx264 @ 0x55c30d7132c0] consecutive B-frames: 95.6%  4.4%  0.0%  0.0%
[libx264 @ 0x55c30d7132c0] mb I  I16..4: 25.0% 73.1%  1.9%
[libx264 @ 0x55c30d7132c0] mb P  I16..4:  1.9%  0.4%  0.1%  P16..4:  2.6%  0.4%  0.2%  0.0%  0.0%    skip:94.5%
[libx264 @ 0x55c30d7132c0] mb B  I16..4:  1.7%  0.1%  0.0%  B16..8:  7.3%  0.6%  0.1%  direct: 0.1%  skip:90.1%  L0:31.7% L1:67.0% BI: 1.3%
[libx264 @ 0x55c30d7132c0] 8x8 transform intra:35.2% inter:3.3%
[libx264 @ 0x55c30d7132c0] coded y,uvDC,uvAC intra: 2.0% 10.5% 3.1% inter: 0.2% 0.2% 0.1%
[libx264 @ 0x55c30d7132c0] i16 v,h,dc,p: 93%  6%  2%  0%
[libx264 @ 0x55c30d7132c0] i8 v,h,dc,ddl,ddr,vr,hd,vl,hu: 63% 10% 27%  0%  0%  0%  0%  0%  0%
[libx264 @ 0x55c30d7132c0] i4 v,h,dc,ddl,ddr,vr,hd,vl,hu: 44% 10% 41%  0%  1%  1%  1%  1%  1%
[libx264 @ 0x55c30d7132c0] i8c dc,h,v,p: 27%  5% 67%  0%
[libx264 @ 0x55c30d7132c0] Weighted P-Frames: Y:0.0% UV:0.0%
[libx264 @ 0x55c30d7132c0] ref P L0: 65.7%  0.6% 16.1% 17.7%
[libx264 @ 0x55c30d7132c0] ref B L0: 70.6% 29.4%
[libx264 @ 0x55c30d7132c0] kb/s:121.60

# 2026-09-16T16:53Z — Task 3 restitch PASS (rerun/video, real EGL frames + real magma spikes)
# pre-check: out/frames/f*.png=90, out/spikes/sp*.png=90 (glob confirmed)
# exact cmd: ffmpeg -y -framerate 30 -i out/frames/f%05d.png -framerate 30 -i out/spikes/sp%05d.png -filter_complex hstack -c:v libx264 -crf 23 -pix_fmt yuv420p out/trophy_hunt.mp4 (exit 0)
# ffprobe: codec_name=h264 width=1280 height=480 pix_fmt=yuv420p r_frame_rate=30/1 duration=3.000000 size=362406
# ls: -rw-r--r-- 354K out/trophy_hunt.mp4 (limit 50MB — PASS)

--- D3 rifle assembly (2026-09-17, branch diorama) ---
inputs: out/duel/f*.png 300 + out/brain/b*.png 300 (pre-checked)
tone-match: BEFORE duel=109.70 brain=21.91 mismatch=80.03%; gamma iter1 g=2.9099 -> duel=24.92 mismatch=12.10%; FINAL (gutter+tags) duel=25.00 brain=22.03 mismatch=11.87% PASS
command: ffmpeg -y -framerate 30 -i out/duel/f%05d.png -framerate 30 -i out/brain/b%05d.png -filter_complex hstack -c:v libx264 -crf 23 -pix_fmt yuv420p out/trophy_hunt_rifle.mp4 (exit 0)
ffprobe: codec_name=h264 width=1280 height=480 r_frame_rate=30/1 duration=10.000000 size=189366

---
C3 clarity STOP (2026-09-17T01:20Z): ffmpeg NOT run — pre-stitch tone gate failed.
hunt_pre_L=32.00 brain_L=22.04 mismatch=45.17% -> ONE gamma iteration (hunt-side, g=1.50, PIL power in place on out/duel_ann/f*.png only) -> hunt_post_L=14.59 mismatch=33.80% FAIL (>15%). Calib used RGB-mean (13.01% at g=1.5) vs L-luma acceptance — metric error, logged. No mp4 written; exact hstack command never executed; no flags altered. Next lane: re-pick gamma (≈1.36 interp, needs own task authority) or STOP stands.
